// Jest Snapshot v1, https://goo.gl/fbAQLP

exports[`App should render and match snapshot 1`] = `
<div
  className="app"
>
  <header>
    <AppHeader />
  </header>
  <PopularSearches />
  <SearchResult />
</div>
`;
