// Jest Snapshot v1, https://goo.gl/fbAQLP

exports[`Chip should render and match snapshot 1`] = `
<div
  className="chip"
  onClick={[Function]}
/>
`;
